11111
22222
33333FFFF]
44444ffFF]
55555
66666    ]
77777y==F]
88888
