123456789112345678921234567893123456789412345678951234567896123456789712345   \
1234567891123456789212345678931234567894123456789512345678961234567897123456  \
12345678911234567892123456789312345678941234567895123456789612345678971234567 \
123456789112345678921234567893123456789412345678951234567896123456789712345678\
1234567891123456789212345678931234567894123456789512345678961234567897123456789\
12345678911234567892123456789312345678941234567895123456789612345678971234567898\
123456789112345678921234567893123456789412345678951234567896123456789712345678981\
